// Jest Snapshot v1, https://goo.gl/fbAQLP

exports[`CategoryTemplate renders correctly 1`] = `
<div
  className="layout"
>
  <div
    className="row"
  >
    <div
      className="col-xl-4 col-lg-4 col-md-3 col-sm-12 col-12"
    >
      <div
        className="sticky-top py-4 px-2 d-flex"
      >
        <div
          className="px-4 py-4 border-right ml-auto"
        >
          <div
            className="mx-3 py-4"
          >
            <a
              href="/"
            >
              <img
                alt="Test name"
                className="author__photo"
                height="100"
                src="/test.jpg"
                style={
                  Object {
                    "opacity": 0.9,
                  }
                }
                width="100"
              />
            </a>
            <h2
              className="author__title"
            >
              <a
                className="author__title-link"
                href="/"
              >
                Test name
              </a>
            </h2>
            <div
              className="text-muted d-flex flex-column"
              style={
                Object {
                  "fontSize": "16px",
                }
              }
            >
              <span>
                SDE @ Stripe
              </span>
              <span>
                MS CS '19 @ UW-Madison
              </span>
              <span
                className="mt-2"
              >
                Enthusiastic about creating tools to make life better.
              </span>
            </div>
          </div>
          <div
            className="flex-column py-4 rounded nav"
            onKeyDown={[Function]}
          >
            <a
              className="pl-0 nav-link"
              data-rb-event-key="/test/1/"
              href="/test/1/"
              onClick={[Function]}
              onKeyDown={[Function]}
            >
              <button
                className="text-secondary border-left btn btn-link"
                disabled={false}
                type="button"
              >
                Test label 1
              </button>
            </a>
            <a
              className="pl-0 nav-link"
              data-rb-event-key="/test/2/"
              href="/test/2/"
              onClick={[Function]}
              onKeyDown={[Function]}
            >
              <button
                className="text-secondary border-left btn btn-link"
                disabled={false}
                type="button"
              >
                Test label 2
              </button>
            </a>
            <a
              className="pl-0 nav-link"
              data-rb-event-key="/test/3/"
              href="/test/3/"
              onClick={[Function]}
              onKeyDown={[Function]}
            >
              <button
                className="text-secondary border-left btn btn-link"
                disabled={false}
                type="button"
              >
                Test label 3
              </button>
            </a>
          </div>
          <div
            className="mx-2 mt-4"
          >
            <div
              className="mb-2 btn-group"
              role="group"
            >
              <a
                className="rounded-circle mr-2 btn btn-outline-dark"
                href="mailto:#"
                onClick={[Function]}
                onKeyDown={[Function]}
                rel="noopener noreferrer"
                target="_blank"
              >
                <svg
                  fill="currentColor"
                  height="1em"
                  stroke="currentColor"
                  strokeWidth="0"
                  style={
                    Object {
                      "color": undefined,
                    }
                  }
                  viewBox="0 0 512 512"
                  width="1em"
                  xmlns="http://www.w3.org/2000/svg"
                >
                  <path
                    d="M502.3 190.8c3.9-3.1 9.7-.2 9.7 4.7V400c0 26.5-21.5 48-48 48H48c-26.5 0-48-21.5-48-48V195.6c0-5 5.7-7.8 9.7-4.7 22.4 17.4 52.1 39.5 154.1 113.6 21.1 15.4 56.7 47.8 92.2 47.6 35.7.3 72-32.8 92.3-47.6 102-74.1 131.6-96.3 154-113.7zM256 320c23.2.4 56.6-29.2 73.4-41.4 132.7-96.3 142.8-104.7 173.4-128.7 5.8-4.5 9.2-11.5 9.2-18.9v-19c0-26.5-21.5-48-48-48H48C21.5 64 0 85.5 0 112v19c0 7.4 3.4 14.3 9.2 18.9 30.6 23.9 40.7 32.4 173.4 128.7 16.8 12.2 50.2 41.8 73.4 41.4z"
                  />
                </svg>
              </a>
              <a
                className="rounded-circle mr-2 btn btn-outline-dark"
                href="https://t.me/#"
                onClick={[Function]}
                onKeyDown={[Function]}
                rel="noopener noreferrer"
                target="_blank"
              >
                <svg
                  fill="currentColor"
                  height="1em"
                  stroke="currentColor"
                  strokeWidth="0"
                  style={
                    Object {
                      "color": undefined,
                    }
                  }
                  viewBox="0 0 448 512"
                  width="1em"
                  xmlns="http://www.w3.org/2000/svg"
                >
                  <path
                    d="M416 32H31.9C14.3 32 0 46.5 0 64.3v383.4C0 465.5 14.3 480 31.9 480H416c17.6 0 32-14.5 32-32.3V64.3c0-17.8-14.4-32.3-32-32.3zM135.4 416H69V202.2h66.5V416zm-33.2-243c-21.3 0-38.5-17.3-38.5-38.5S80.9 96 102.2 96c21.2 0 38.5 17.3 38.5 38.5 0 21.3-17.2 38.5-38.5 38.5zm282.1 243h-66.4V312c0-24.8-.5-56.7-34.5-56.7-34.6 0-39.9 27-39.9 54.9V416h-66.4V202.2h63.7v29.2h.9c8.9-16.8 30.6-34.5 62.9-34.5 67.2 0 79.7 44.3 79.7 101.9V416z"
                  />
                </svg>
              </a>
              <a
                className="rounded-circle mr-2 btn btn-outline-dark"
                href="https://www.twitter.com/#"
                onClick={[Function]}
                onKeyDown={[Function]}
                rel="noopener noreferrer"
                target="_blank"
              >
                <svg
                  fill="currentColor"
                  height="1em"
                  stroke="currentColor"
                  strokeWidth="0"
                  style={
                    Object {
                      "color": undefined,
                    }
                  }
                  viewBox="0 0 448 512"
                  width="1em"
                  xmlns="http://www.w3.org/2000/svg"
                >
                  <path
                    d="M416 32H31.9C14.3 32 0 46.5 0 64.3v383.4C0 465.5 14.3 480 31.9 480H416c17.6 0 32-14.5 32-32.3V64.3c0-17.8-14.4-32.3-32-32.3zM135.4 416H69V202.2h66.5V416zm-33.2-243c-21.3 0-38.5-17.3-38.5-38.5S80.9 96 102.2 96c21.2 0 38.5 17.3 38.5 38.5 0 21.3-17.2 38.5-38.5 38.5zm282.1 243h-66.4V312c0-24.8-.5-56.7-34.5-56.7-34.6 0-39.9 27-39.9 54.9V416h-66.4V202.2h63.7v29.2h.9c8.9-16.8 30.6-34.5 62.9-34.5 67.2 0 79.7 44.3 79.7 101.9V416z"
                  />
                </svg>
              </a>
              <a
                className="rounded-circle mr-2 btn btn-outline-dark"
                href="https://github.com/#"
                onClick={[Function]}
                onKeyDown={[Function]}
                rel="noopener noreferrer"
                target="_blank"
              >
                <svg
                  fill="currentColor"
                  height="1em"
                  stroke="currentColor"
                  strokeWidth="0"
                  style={
                    Object {
                      "color": undefined,
                    }
                  }
                  viewBox="0 0 496 512"
                  width="1em"
                  xmlns="http://www.w3.org/2000/svg"
                >
                  <path
                    d="M165.9 397.4c0 2-2.3 3.6-5.2 3.6-3.3.3-5.6-1.3-5.6-3.6 0-2 2.3-3.6 5.2-3.6 3-.3 5.6 1.3 5.6 3.6zm-31.1-4.5c-.7 2 1.3 4.3 4.3 4.9 2.6 1 5.6 0 6.2-2s-1.3-4.3-4.3-5.2c-2.6-.7-5.5.3-6.2 2.3zm44.2-1.7c-2.9.7-4.9 2.6-4.6 4.9.3 2 2.9 3.3 5.9 2.6 2.9-.7 4.9-2.6 4.6-4.6-.3-1.9-3-3.2-5.9-2.9zM244.8 8C106.1 8 0 113.3 0 252c0 110.9 69.8 205.8 169.5 239.2 12.8 2.3 17.3-5.6 17.3-12.1 0-6.2-.3-40.4-.3-61.4 0 0-70 15-84.7-29.8 0 0-11.4-29.1-27.8-36.6 0 0-22.9-15.7 1.6-15.4 0 0 24.9 2 38.6 25.8 21.9 38.6 58.6 27.5 72.9 20.9 2.3-16 8.8-27.1 16-33.7-55.9-6.2-112.3-14.3-112.3-110.5 0-27.5 7.6-41.3 23.6-58.9-2.6-6.5-11.1-33.3 2.6-67.9 20.9-6.5 69 27 69 27 20-5.6 41.5-8.5 62.8-8.5s42.8 2.9 62.8 8.5c0 0 48.1-33.6 69-27 13.7 34.7 5.2 61.4 2.6 67.9 16 17.7 25.8 31.5 25.8 58.9 0 96.5-58.9 104.2-114.8 110.5 9.2 7.9 17 22.9 17 46.4 0 33.7-.3 75.4-.3 83.6 0 6.5 4.6 14.4 17.3 12.1C428.2 457.8 496 362.9 496 252 496 113.3 383.5 8 244.8 8zM97.2 352.9c-1.3 1-1 3.3.7 5.2 1.6 1.6 3.9 2.3 5.2 1 1.3-1 1-3.3-.7-5.2-1.6-1.6-3.9-2.3-5.2-1zm-10.8-8.1c-.7 1.3.3 2.9 2.3 3.9 1.6 1 3.6.7 4.3-.7.7-1.3-.3-2.9-2.3-3.9-2-.6-3.6-.3-4.3.7zm32.4 35.6c-1.6 1.3-1 4.3 1.3 6.2 2.3 2.3 5.2 2.6 6.5 1 1.3-1.3.7-4.3-1.3-6.2-2.2-2.3-5.2-2.6-6.5-1zm-11.4-14.7c-1.6 1-1.6 3.6 0 5.9 1.6 2.3 4.3 3.3 5.6 2.3 1.6-1.3 1.6-3.9 0-6.2-1.4-2.3-4-3.3-5.6-2z"
                  />
                </svg>
              </a>
              <a
                className="rounded-circle mr-2 btn btn-outline-dark"
                href="#"
                onClick={[Function]}
                onKeyDown={[Function]}
                rel="noopener noreferrer"
                role="button"
                target="_blank"
              >
                <svg
                  fill="currentColor"
                  height="1em"
                  stroke="currentColor"
                  strokeWidth="0"
                  style={
                    Object {
                      "color": undefined,
                    }
                  }
                  viewBox="0 0 448 512"
                  width="1em"
                  xmlns="http://www.w3.org/2000/svg"
                >
                  <path
                    d="M416 32H31.9C14.3 32 0 46.5 0 64.3v383.4C0 465.5 14.3 480 31.9 480H416c17.6 0 32-14.5 32-32.3V64.3c0-17.8-14.4-32.3-32-32.3zM135.4 416H69V202.2h66.5V416zm-33.2-243c-21.3 0-38.5-17.3-38.5-38.5S80.9 96 102.2 96c21.2 0 38.5 17.3 38.5 38.5 0 21.3-17.2 38.5-38.5 38.5zm282.1 243h-66.4V312c0-24.8-.5-56.7-34.5-56.7-34.6 0-39.9 27-39.9 54.9V416h-66.4V202.2h63.7v29.2h.9c8.9-16.8 30.6-34.5 62.9-34.5 67.2 0 79.7 44.3 79.7 101.9V416z"
                  />
                </svg>
              </a>
              <a
                className="rounded-circle mr-2 btn btn-outline-dark"
                href="https://vk.com/#"
                onClick={[Function]}
                onKeyDown={[Function]}
                rel="noopener noreferrer"
                target="_blank"
              >
                <svg
                  fill="currentColor"
                  height="1em"
                  stroke="currentColor"
                  strokeWidth="0"
                  style={
                    Object {
                      "color": undefined,
                    }
                  }
                  viewBox="0 0 448 512"
                  width="1em"
                  xmlns="http://www.w3.org/2000/svg"
                >
                  <path
                    d="M416 32H31.9C14.3 32 0 46.5 0 64.3v383.4C0 465.5 14.3 480 31.9 480H416c17.6 0 32-14.5 32-32.3V64.3c0-17.8-14.4-32.3-32-32.3zM135.4 416H69V202.2h66.5V416zm-33.2-243c-21.3 0-38.5-17.3-38.5-38.5S80.9 96 102.2 96c21.2 0 38.5 17.3 38.5 38.5 0 21.3-17.2 38.5-38.5 38.5zm282.1 243h-66.4V312c0-24.8-.5-56.7-34.5-56.7-34.6 0-39.9 27-39.9 54.9V416h-66.4V202.2h63.7v29.2h.9c8.9-16.8 30.6-34.5 62.9-34.5 67.2 0 79.7 44.3 79.7 101.9V416z"
                  />
                </svg>
              </a>
            </div>
            <div
              className="copyright"
            >
              Test copyright
            </div>
          </div>
        </div>
      </div>
    </div>
    <div
      className="col-xl-6 col-lg-6 col-md-8"
    >
      <div>
        <div
          className="pt-4 px-4"
        >
          <div
            className="page__body"
          >
            <div>
              <div
                className="pt-4 px-4"
              >
                <div
                  className="page__body"
                >
                  <div
                    className="px-2"
                  >
                    <div
                      className="feed"
                    >
                      <div
                        className="feed__item"
                      >
                        <div
                          className="feed__item-meta"
                        >
                          <time
                            className="feed__item-meta-time"
                            dateTime="September 1, 2016"
                          >
                            September 2016
                          </time>
                          <span
                            className="feed__item-meta-divider"
                          />
                          <span
                            className="feed__item-meta-category"
                          >
                            <a
                              className="feed__item-meta-category-link"
                              href="/test"
                            >
                              test
                            </a>
                          </span>
                        </div>
                        <h2
                          className="feed__item-title"
                        >
                          <a
                            className="feed__item-title-link"
                            href="/test_0"
                          >
                            test_0
                          </a>
                        </h2>
                        <div>
                          test_0
                        </div>
                        <div
                          className="d-flex"
                        >
                          <a
                            className="btn btn-lg btn-link ml-auto"
                            href="/test_0"
                          >
                            <span
                              className="my-4 mx-2"
                            >
                              Read More ...
                            </span>
                          </a>
                        </div>
                      </div>
                      <div
                        className="feed__item"
                      >
                        <div
                          className="feed__item-meta"
                        >
                          <time
                            className="feed__item-meta-time"
                            dateTime="September 1, 2016"
                          >
                            September 2016
                          </time>
                          <span
                            className="feed__item-meta-divider"
                          />
                          <span
                            className="feed__item-meta-category"
                          >
                            <a
                              className="feed__item-meta-category-link"
                              href="/test"
                            >
                              test
                            </a>
                          </span>
                        </div>
                        <h2
                          className="feed__item-title"
                        >
                          <a
                            className="feed__item-title-link"
                            href="/test_1"
                          >
                            test_1
                          </a>
                        </h2>
                        <div>
                          test_1
                        </div>
                        <div
                          className="d-flex"
                        >
                          <a
                            className="btn btn-lg btn-link ml-auto"
                            href="/test_1"
                          >
                            <span
                              className="my-4 mx-2"
                            >
                              Read More ...
                            </span>
                          </a>
                        </div>
                      </div>
                    </div>
                  </div>
                  <div
                    className="pagination"
                  >
                    <div
                      className="pagination__prev"
                    >
                      <a
                        className="pagination__prev-link"
                        href="/page/1"
                        rel="prev"
                      >
                        ← PREV
                      </a>
                    </div>
                    <div
                      className="pagination__next"
                    >
                      <a
                        className="pagination__next-link"
                        href="/page/3"
                        rel="next"
                      >
                        → NEXT
                      </a>
                    </div>
                  </div>
                </div>
              </div>
            </div>
          </div>
        </div>
      </div>
    </div>
    <div
      className="col-xl-2 col-lg-2 col-md-1"
    />
  </div>
</div>
`;
