// Jest Snapshot v1, https://goo.gl/fbAQLP

exports[`Feed renders correctly 1`] = `
<div
  className="px-2"
>
  <div
    className="feed"
  >
    <div
      className="feed__item"
    >
      <div
        className="feed__item-meta"
      >
        <time
          className="feed__item-meta-time"
          dateTime="September 1, 2016"
        >
          September 2016
        </time>
        <span
          className="feed__item-meta-divider"
        />
        <span
          className="feed__item-meta-category"
        >
          <a
            className="feed__item-meta-category-link"
            href="/test_0"
          >
            test_0
          </a>
        </span>
      </div>
      <h2
        className="feed__item-title"
      >
        <a
          className="feed__item-title-link"
          href="/test_0"
        >
          test_0
        </a>
      </h2>
      <div>
        test_0
      </div>
      <div
        className="d-flex"
      >
        <a
          className="btn btn-lg btn-link ml-auto"
          href="/test_0"
        >
          <span
            className="my-4 mx-2"
          >
            Read More ...
          </span>
        </a>
      </div>
    </div>
    <div
      className="feed__item"
    >
      <div
        className="feed__item-meta"
      >
        <time
          className="feed__item-meta-time"
          dateTime="September 1, 2016"
        >
          September 2016
        </time>
        <span
          className="feed__item-meta-divider"
        />
        <span
          className="feed__item-meta-category"
        >
          <a
            className="feed__item-meta-category-link"
            href="/test_1"
          >
            test_1
          </a>
        </span>
      </div>
      <h2
        className="feed__item-title"
      >
        <a
          className="feed__item-title-link"
          href="/test_1"
        >
          test_1
        </a>
      </h2>
      <div>
        test_1
      </div>
      <div
        className="d-flex"
      >
        <a
          className="btn btn-lg btn-link ml-auto"
          href="/test_1"
        >
          <span
            className="my-4 mx-2"
          >
            Read More ...
          </span>
        </a>
      </div>
    </div>
  </div>
</div>
`;
